// Jest Snapshot v1, https://goo.gl/fbAQLP

exports['<Container /> should render the heading 1'] = `
.c0 {
  max-width: 144rem;
  margin: 0 2rem;
}

@media (min-width:1170px) {
  .c0 {
    margin: 0 3.2rem;
  }
}

@media (min-width:1440px) {
  .c0 {
    margin-left: auto;
    margin-right: auto;
  }
}

<div
  class="c0"
/>
`;
